// Jest Snapshot v1, https://goo.gl/fbAQLP

exports[`renders correctly when there are no data 1`] = `
<div
  className="row mt-3"
/>
`;

exports[`renders correctly when there is data 1`] = `
<div
  className="row mt-3"
/>
`;
